package formatting

var (
	apple  int // want "variable/constant declarations are not sorted"
	banana int
	zebra  int
)

type MyStruct struct {
	Apple  int  // want "struct fields are not sorted"
	Banana bool `json:"banana"`
	Zebra  string
}