package interface_methods

type UnsortedInterface interface {
	AMethod() // want "interface methods are not sorted"
	BMethod()
	ZMethod()
}

type AnotherInterface interface {
	Close() error // want "interface methods are not sorted"
	Read([]byte) (int, error)
	Write([]byte) (int, error)
}